=== clean unpack API tests ===
npm warn Unknown env config "devdir". This will stop working in the next major version of npm.
Environment variables loaded from .env
┌─────────────────────────────────────────────────────────┐
│  Update available 6.19.3 -> 8.0.0-rc.19                 │
│                                                         │
│  This is a major update - please follow the guide at    │
│  https://pris.ly/d/major-version-upgrade                │
│                                                         │
│  Run the following to update                            │
│    npm i --save-dev prisma@latest                       │
│    npm i @prisma/client@latest                          │
└─────────────────────────────────────────────────────────┘
npm warn Unknown env config "devdir". This will stop working in the next major version of npm.

> mira-api@1.0.0 test:commerce
> tsx src/marketplace/commerce.types.schema-tests.ts && tsx src/marketplace/commerce-public.schema-tests.ts && tsx src/marketplace/commerce.service.schema-tests.ts && tsx src/marketplace/commerce.http.integration-tests.ts

commerce.types schema tests passed
commerce-public schema tests passed
commerce.service schema tests passed
commerce HTTP integration tests passed
EXIT_API=0
catalog-options-rc2-tests passed
