cwd=/Users/fayez/Desktop/mira/partners-portal/web/js
startedAt=2026-10-05T13:09:48Z
=== catalog-options-rc2-tests.mjs ===
catalog-options-rc2-tests passed
EXIT:0
=== catalog-options-rc4-tests.mjs ===
catalog-options-rc4-tests passed
EXIT:0
=== catalog-options-rc5-tests.mjs ===
catalog-options-rc5-tests passed
EXIT:0
=== catalog-options-rc6-tests.mjs ===
catalog-options-rc6-tests passed
EXIT:0
=== catalog-options-rc7-tests.mjs ===
catalog-options-rc7-tests passed
EXIT:0
=== catalog-options-rc8-tests.mjs ===
catalog-options-rc8-tests passed
EXIT:0
