[
  {
    "width": 390,
    "overflowX": false,
    "tags": [
      "clothing-ml-xl",
      "category-change-no-variants",
      "after-revert",
      "group-removed-core",
      "category-payload",
      "final"
    ],
    "checked": [
      "50 مل",
      "100 مل",
      "متاحة للشراء",
      "تفعيل الطلب داخل ميرا (دفع نقدًا عند الاستلام). رابط الشراء الخارجي يبقى للمنتجات الخارجية فقط."
    ]
  },
  {
    "width": 480,
    "overflowX": false,
    "tags": [
      "clothing-ml-xl",
      "category-change-no-variants",
      "after-revert",
      "group-removed-core",
      "category-payload",
      "final"
    ],
    "checked": [
      "50 مل",
      "100 مل",
      "متاحة للشراء",
      "تفعيل الطلب داخل ميرا (دفع نقدًا عند الاستلام). رابط الشراء الخارجي يبقى للمنتجات الخارجية فقط."
    ]
  },
  {
    "width": 1280,
    "overflowX": false,
    "tags": [
      "clothing-ml-xl",
      "category-change-no-variants",
      "after-revert",
      "group-removed-core",
      "category-payload",
      "final"
    ],
    "checked": [
      "50 مل",
      "100 مل",
      "متاحة للشراء",
      "تفعيل الطلب داخل ميرا (دفع نقدًا عند الاستلام). رابط الشراء الخارجي يبقى للمنتجات الخارجية فقط."
    ]
  }
]
